2026-01-05 11:15:14 - INFO - ==================================================
2026-01-05 11:15:14 - INFO - 기상청 단기예보 데이터 수집 및 DB 저장
2026-01-05 11:15:14 - INFO - ==================================================
2026-01-05 11:15:14 - INFO - 기준 날짜: 20260105
2026-01-05 11:15:14 - INFO - 기준 시각: 2000
2026-01-05 11:15:14 - INFO - 좌표: nx=97, ny=74
2026-01-05 11:15:14 - INFO - 태양 위치 좌표: 위도=35.3107027777777, 경도=129.246288888888
2026-01-05 11:15:14 - INFO - 단기예보 데이터 수집 시작: 20260105 2000
2026-01-05 11:15:14 - INFO - API 응답 코드: 03, 메시지: NO_DATA
2026-01-05 11:15:14 - ERROR - API 응답 오류: NO_DATA
2026-01-05 11:15:14 - ERROR - 날씨 데이터 수집 실패
2026-01-05 11:15:20 - INFO - ==================================================
2026-01-05 11:15:20 - INFO - 기상청 단기예보 데이터 수집 및 DB 저장
2026-01-05 11:15:20 - INFO - ==================================================
2026-01-05 11:15:20 - INFO - 기준 날짜: 20260105
2026-01-05 11:15:20 - INFO - 기준 시각: 2000
2026-01-05 11:15:20 - INFO - 좌표: nx=97, ny=74
2026-01-05 11:15:20 - INFO - 태양 위치 좌표: 위도=35.3107027777777, 경도=129.246288888888
2026-01-05 11:15:20 - INFO - 단기예보 데이터 수집 시작: 20260105 2000
2026-01-05 11:15:20 - INFO - API 응답 코드: 03, 메시지: NO_DATA
2026-01-05 11:15:20 - ERROR - API 응답 오류: NO_DATA
2026-01-05 11:15:20 - ERROR - 날씨 데이터 수집 실패
2026-01-05 11:15:47 - INFO - ==================================================
2026-01-05 11:15:47 - INFO - 기상청 단기예보 데이터 수집 및 DB 저장
2026-01-05 11:15:47 - INFO - ==================================================
2026-01-05 11:15:48 - INFO - 기준 날짜: 20260105
2026-01-05 11:15:48 - INFO - 기준 시각: 2000
2026-01-05 11:15:48 - INFO - 좌표: nx=97, ny=74
2026-01-05 11:15:48 - INFO - 태양 위치 좌표: 위도=35.3107027777777, 경도=129.246288888888
2026-01-05 11:15:48 - INFO - 단기예보 데이터 수집 시작: 20260105 2000
2026-01-05 11:15:48 - INFO - API 응답 코드: 03, 메시지: NO_DATA
2026-01-05 11:15:48 - ERROR - API 응답 오류: NO_DATA
2026-01-05 11:15:48 - ERROR - 날씨 데이터 수집 실패
