2026-01-15 11:38:23,198 - INFO - === 일사량 정보 수집 시작 ===
2026-01-15 11:38:23,199 - INFO - 처리 날짜: 20260115
2026-01-15 11:38:23,199 - INFO - API 요청: https://apis.data.go.kr/B551184/SrQtyService/getSrQtyPredcInfo
2026-01-15 11:38:24,976 - INFO - API 응답 정상 수신
2026-01-15 11:38:24,976 - INFO - 총 12개 데이터 수신
2026-01-15 11:38:24,978 - INFO - 필터링 후 3개 데이터
2026-01-15 11:38:24,978 - INFO - 데이터 전처리 시작
2026-01-15 11:38:24,983 - INFO - tm 및 ics 컬럼 생성 완료
2026-01-15 11:38:24,983 - INFO - DB 연결 시작
2026-01-15 11:38:25,063 - INFO - DB 연결 성공: 192.168.213.250
2026-01-15 11:38:25,063 - INFO - 3개 데이터 적재 시작
2026-01-15 11:38:25,129 - INFO - DB 적재 완료: 3개 행 처리
2026-01-15 11:38:25,129 - INFO - DB 연결 종료
2026-01-15 11:38:25,130 - INFO - === 처리 완료 ===
2026-01-15 11:38:25,130 - INFO - 
=== Final DataFrame ===
2026-01-15 11:38:25,133 - INFO - 
                   tm    ghi      ics
0 2026-01-15 07:00:00    9.1  0.03276
1 2026-01-15 08:00:00   58.6  0.21096
2 2026-01-15 09:00:00  164.0  0.59040
2026-01-15 11:43:51,597 - INFO - === 일사량 정보 수집 시작 ===
2026-01-15 11:43:51,597 - INFO - 처리 날짜: 20260115
2026-01-15 11:43:51,597 - INFO - API 요청: https://apis.data.go.kr/B551184/SrQtyService/getSrQtyPredcInfo
2026-01-15 11:43:52,323 - INFO - API 응답 정상 수신
2026-01-15 11:43:52,323 - INFO - 총 12개 데이터 수신
2026-01-15 11:43:52,325 - INFO - 필터링 후 3개 데이터
2026-01-15 11:43:52,325 - INFO - 데이터 전처리 시작
2026-01-15 11:43:52,329 - INFO - tm 및 ics 컬럼 생성 완료
2026-01-15 11:43:52,330 - INFO - DB 연결 시작
2026-01-15 11:43:52,407 - INFO - DB 연결 성공: 192.168.213.250
2026-01-15 11:43:52,407 - INFO - 3개 데이터 적재 시작
2026-01-15 11:43:52,470 - INFO - DB 적재 완료: 3개 행 처리
2026-01-15 11:43:52,470 - INFO - DB 연결 종료
2026-01-15 11:43:52,470 - INFO - === 처리 완료 ===
2026-01-15 11:43:52,470 - INFO - 
=== Final DataFrame ===
2026-01-15 11:43:52,473 - INFO - 
                   tm    ghi      ics
0 2026-01-15 07:00:00    9.1  0.03276
1 2026-01-15 08:00:00   58.6  0.21096
2 2026-01-15 09:00:00  164.0  0.59040
2026-01-15 11:48:39,829 - INFO - ================================================================================
2026-01-15 11:48:39,829 - INFO - 실행 시작: 2026-01-15 11:48:39
2026-01-15 11:48:39,829 - INFO - ================================================================================
2026-01-15 11:48:39,829 - INFO - 처리 날짜: 20260115
2026-01-15 11:48:39,829 - INFO - API 요청: https://apis.data.go.kr/B551184/SrQtyService/getSrQtyPredcInfo
2026-01-15 11:48:40,527 - INFO - API 응답 정상 수신
2026-01-15 11:48:40,528 - INFO - 총 12개 데이터 수신
2026-01-15 11:48:40,529 - INFO - 필터링 후 3개 데이터
2026-01-15 11:48:40,530 - INFO - 데이터 전처리 시작
2026-01-15 11:48:40,534 - INFO - tm 및 ics 컬럼 생성 완료
2026-01-15 11:48:40,534 - INFO - DB 연결 시작
2026-01-15 11:48:40,616 - INFO - DB 연결 성공: 192.168.213.250
2026-01-15 11:48:40,616 - INFO - 3개 데이터 적재 시작
2026-01-15 11:48:40,681 - INFO - DB 적재 완료: 3개 행 처리
2026-01-15 11:48:40,681 - INFO - DB 연결 종료
2026-01-15 11:48:40,681 - INFO - 
=== Final DataFrame ===
2026-01-15 11:48:40,684 - INFO - 
                   tm    ghi      ics
0 2026-01-15 07:00:00    9.1  0.03276
1 2026-01-15 08:00:00   58.6  0.21096
2 2026-01-15 09:00:00  164.0  0.59040
2026-01-15 11:48:40,684 - INFO - 
2026-01-15 11:48:40,684 - INFO - ================================================================================
2026-01-15 11:48:40,684 - INFO - 실행 종료: 2026-01-15 11:48:40
2026-01-15 11:48:40,685 - INFO - 실행 시간: 0.85초
2026-01-15 11:48:40,685 - INFO - ================================================================================
2026-01-15 11:48:40,685 - INFO - 
