2025-11-17 16:35:22 - INFO - ==================================================
2025-11-17 16:35:22 - INFO - 기상청 단기예보 데이터 수집 및 DB 저장
2025-11-17 16:35:22 - INFO - ==================================================
2025-11-17 16:35:22 - INFO - 기준 날짜: 20251116
2025-11-17 16:35:22 - INFO - 기준 시각: 2000
2025-11-17 16:35:22 - INFO - 좌표: nx=97, ny=74
2025-11-17 16:35:22 - INFO - 태양 위치 좌표: 위도=35.24, 경도=129.22
2025-11-17 16:35:22 - INFO - 단기예보 데이터 수집 시작: 20251116 2000
2025-11-17 16:35:23 - INFO - API 응답 코드: 00, 메시지: NORMAL_SERVICE
2025-11-17 16:35:23 - INFO - 수집된 데이터 개수: 1000
2025-11-17 16:35:23 - INFO - DataFrame 생성 완료: 24행
2025-11-17 16:35:23 - INFO - 컬럼명 매핑 완료: ['tm', 'pcp', 'pop', 'pty', 'reh', 'sky', 'sno', 'tmn', 'tmp', 'tmx', 'uuu', 'vec', 'vvv', 'wav', 'wsd']
2025-11-17 16:35:23 - INFO - 날씨 데이터 수집 완료: 24건
2025-11-17 16:35:23 - INFO - 태양 위치 데이터 계산 시작: 2025-11-16
2025-11-17 16:35:23 - INFO - 태양 위치 DataFrame 생성 완료: 24행
2025-11-17 16:35:23 - INFO - 태양 위치 데이터 수집 완료: 24건
2025-11-17 16:35:23 - INFO - 날씨 데이터와 태양 위치 데이터 병합 중...
2025-11-17 16:35:23 - INFO - 병합 완료: 24건
2025-11-17 16:35:23 - DEBUG - 병합된 데이터 샘플:
                   tm  pcp  pop  pty   reh  sky  sno  tmn  tmp  tmx  uuu  vec  vvv  wav  wsd  apparent_zenith  apparent_elevation     azimuth
0 2025-11-18 00:00:00  NaN   20    0  55.0    3  NaN  NaN    4  NaN  4.6  313 -4.3  0.5  6.3       163.799902                 0.0  353.088116
1 2025-11-18 01:00:00  NaN    0    0  55.0    1  NaN  NaN    3  NaN  3.9  325 -5.5  0.5  6.8       160.249596                 0.0   38.827376
2 2025-11-18 02:00:00  NaN    0    0  55.0    1  NaN  NaN    3  NaN  4.4  322 -5.7  0.5  7.2       150.556137                 0.0   64.275673
3 2025-11-18 03:00:00  NaN    0    0  55.0    1  NaN  NaN    3  NaN  4.8  320 -5.7  0.5  7.4       138.945837                 0.0   78.523165
4 2025-11-18 04:00:00  NaN    0    0  60.0    1  NaN  NaN    3  NaN  5.0  316 -5.2  0.5  7.2       126.790580                 0.0   88.509321
2025-11-17 16:35:23 - INFO - MariaDB 연결 시작...
2025-11-17 16:35:23 - INFO - PK 컬럼: tm
2025-11-17 16:35:23 - INFO - 등록 시각(reg_dt): 2025-11-17 16:35:23.811119
2025-11-17 16:35:23 - INFO - 테이블 'tb_weather_info'에 데이터 적재 시작...
2025-11-17 16:35:24 - INFO - 데이터 적재 완료
2025-11-17 16:35:24 - INFO - 신규 INSERT: 0건
2025-11-17 16:35:24 - INFO - 기존 UPDATE: 24건
2025-11-17 16:35:24 - INFO - DB 연결 종료
2025-11-17 16:35:24 - INFO - ==================================================
2025-11-17 16:35:24 - INFO - 작업 완료
2025-11-17 16:35:24 - INFO - ==================================================
