2025-11-18 14:17:48 - INFO - ==================================================
2025-11-18 14:17:48 - INFO - 기상청 단기예보 데이터 수집 및 DB 저장
2025-11-18 14:17:48 - INFO - ==================================================
2025-11-18 14:17:48 - INFO - 기준 날짜: 20251117
2025-11-18 14:17:48 - INFO - 기준 시각: 2300
2025-11-18 14:17:48 - INFO - 좌표: nx=97, ny=74
2025-11-18 14:17:48 - INFO - 태양 위치 좌표: 위도=35.24, 경도=129.22
2025-11-18 14:17:48 - INFO - 단기예보 데이터 수집 시작: 20251117 2300
2025-11-18 14:17:49 - INFO - API 응답 코드: 00, 메시지: NORMAL_SERVICE
2025-11-18 14:17:49 - INFO - 수집된 데이터 개수: 980
2025-11-18 14:17:49 - INFO - DataFrame 생성 완료: 24행
2025-11-18 14:17:49 - INFO - 컬럼명 매핑 완료: ['tm', 'pcp', 'pop', 'pty', 'reh', 'sky', 'sno', 'tmn', 'tmp', 'tmx', 'uuu', 'vec', 'vvv', 'wav', 'wsd']
2025-11-18 14:17:49 - INFO - 날씨 데이터 수집 완료: 24건
2025-11-18 14:17:49 - INFO - 태양 위치 데이터 계산 시작: 2025-11-17
2025-11-18 14:17:49 - INFO - 태양 위치 DataFrame 생성 완료: 24행
2025-11-18 14:17:49 - INFO - 태양 위치 데이터 수집 완료: 24건
2025-11-18 14:17:49 - INFO - 날씨 데이터와 태양 위치 데이터 병합 중...
2025-11-18 14:17:49 - INFO - 병합 완료: 24건
2025-11-18 14:17:49 - DEBUG - 병합된 데이터 샘플:
                   tm  pcp  pop  pty  reh  sky  ...  vvv  wav  wsd  apparent_zenith  apparent_elevation     azimuth
0 2025-11-19 00:00:00  NaN   20    0   55    3  ... -1.8  0.5  2.6       164.030809                 0.0  352.818005
1 2025-11-19 01:00:00  NaN    0    0   55    1  ... -2.0  0.5  2.2       160.475937                 0.0   39.086565
2 2025-11-19 02:00:00  NaN    0    0   55    1  ... -1.5  0.5  1.7       150.743493                 0.0   64.589199
3 2025-11-19 03:00:00  NaN    0    0   55    1  ... -1.2  0.5  1.3       139.113881                 0.0   78.788995
4 2025-11-19 04:00:00  NaN   20    0   55    3  ... -1.7  0.5  1.8       126.952884                 0.0   88.733545

[5 rows x 18 columns]
2025-11-18 14:17:49 - INFO - MariaDB 연결 시작...
2025-11-18 14:17:49 - INFO - PK 컬럼: tm
2025-11-18 14:17:49 - INFO - 등록 시각(reg_dt): 2025-11-18 14:17:49.815698
2025-11-18 14:17:49 - INFO - 테이블 'tb_weather_info'에 데이터 적재 시작...
2025-11-18 14:17:50 - INFO - 데이터 적재 완료
2025-11-18 14:17:50 - INFO - 신규 INSERT: 0건
2025-11-18 14:17:50 - INFO - 기존 UPDATE: 24건
2025-11-18 14:17:50 - INFO - DB 연결 종료
2025-11-18 14:17:50 - INFO - ==================================================
2025-11-18 14:17:50 - INFO - 작업 완료
2025-11-18 14:17:50 - INFO - ==================================================
